
kay@mac$ cat Dockerfile
# SWE40006 Task 4.2 / 4.3 - Flask web app image
FROM python:3.12-slim

# Python runtime settings: no .pyc files, unbuffered logs so `docker logs` is live
ENV PYTHONDONTWRITEBYTECODE=1 \
    PYTHONUNBUFFERED=1 \
    PORT=5000 \
    APP_ENV=production

WORKDIR /app

# Install dependencies first so this layer is cached between code changes
COPY requirements.txt .
RUN pip install --no-cache-dir -r requirements.txt

# Copy application files
COPY app.py .
COPY templates/ templates/

# Run as a non-root user
RUN useradd --create-home appuser
USER appuser

EXPOSE 5000

HEALTHCHECK --interval=30s --timeout=3s --start-period=5s --retries=3 \
  CMD python -c "import os,urllib.request; urllib.request.urlopen('http://127.0.0.1:'+os.getenv('PORT','5000')+'/health')" || exit 1

# Shell form so $PORT is expanded at runtime (Render injects its own PORT)
CMD gunicorn --bind 0.0.0.0:${PORT} --workers 2 --access-logfile - app:app

kay@mac$ docker build --no-cache --progress=plain -t khubi114/swe40006-web:1.0 . 2>&1 | grep -E '^#[0-9]+ (\[|DONE|naming|exporting to)|Successfully|writing image|naming to'
#1 [internal] load build definition from Dockerfile
#1 DONE 0.0s
#2 [internal] load metadata for docker.io/library/python:3.12-slim
#2 DONE 1.0s
#3 [internal] load .dockerignore
#3 DONE 0.0s
#4 [1/7] FROM docker.io/library/python:3.12-slim@sha256:2f17fc044b579bab302c2e8054d3a686e2cb9a83de48e70534b94cd8ebbe06a9
#4 DONE 0.0s
#5 [2/7] WORKDIR /app
#6 [internal] load build context
#6 DONE 0.0s
#7 [3/7] COPY requirements.txt .
#7 DONE 0.0s
#8 [4/7] RUN pip install --no-cache-dir -r requirements.txt
#8 2.857 Successfully installed Flask-3.0.3 Jinja2-3.1.6 MarkupSafe-3.0.3 Werkzeug-3.1.8 blinker-1.9.0 click-8.5.0 gunicorn-22.0.0 itsdangerous-2.2.0 packaging-26.3
#8 DONE 3.0s
#9 [5/7] COPY app.py .
#9 DONE 0.0s
#10 [6/7] COPY templates/ templates/
#10 DONE 0.0s
#11 [7/7] RUN useradd --create-home appuser
#11 DONE 0.1s
#12 exporting to image
#12 naming to docker.io/khubi114/swe40006-web:1.0 done
#12 DONE 0.4s

kay@mac$ docker images khubi114/swe40006-web
IMAGE                       ID             DISK USAGE   CONTENT SIZE   EXTRA
khubi114/swe40006-web:1.0   561a35e81db2        213MB         45.7MB        
