
kay@mac$ docker --version
Docker version 29.8.0, build 88096ef

kay@mac$ docker compose version
Docker Compose version v5.5.1

kay@mac$ docker info --format 'Server {{.ServerVersion}} | OS {{.OperatingSystem}} | Arch {{.Architecture}} | CPUs {{.NCPU}} | Mem {{.MemTotal}}'
Server 29.8.0 | OS Docker Desktop | Arch aarch64 | CPUs 10 | Mem 8319504384

kay@mac$ docker info 2>/dev/null | grep -E 'Username|Registry|Context|Storage Driver'
 Context:    desktop-linux
 Storage Driver: overlayfs

kay@mac$ docker run --name hello-test hello-world
Unable to find image 'hello-world:latest' locally
latest: Pulling from library/hello-world
58dee6a49ef1: Pulling fs layer
58dee6a49ef1: Download complete
58dee6a49ef1: Pull complete
c3bdf82c34d1: Download complete
Digest: sha256:5e23090353324d887c48ad5e5c56d294eab81588df9605b07d1afe895f9cc8f8
Status: Downloaded newer image for hello-world:latest

Hello from Docker!
This message shows that your installation appears to be working correctly.

To generate this message, Docker took the following steps:
 1. The Docker client contacted the Docker daemon.
 2. The Docker daemon pulled the "hello-world" image from the Docker Hub.
    (arm64v8)
 3. The Docker daemon created a new container from that image which runs the
    executable that produces the output you are currently reading.
 4. The Docker daemon streamed that output to the Docker client, which sent it
    to your terminal.

To try something more ambitious, you can run an Ubuntu container with:
 $ docker run -it ubuntu bash

Share images, automate workflows, and more with a free Docker ID:
 https://hub.docker.com/

For more examples and ideas, visit:
 https://docs.docker.com/get-started/


kay@mac$ docker ps -a --filter name=hello-test
CONTAINER ID   IMAGE         COMMAND    CREATED                  STATUS                              PORTS     NAMES
865dfeb29559   hello-world   "/hello"   Less than a second ago   Exited (0) Less than a second ago             hello-test

kay@mac$ docker images hello-world
IMAGE                ID             DISK USAGE   CONTENT SIZE   EXTRA
hello-world:latest   5e2309035332       22.6kB         10.3kB   U    
